C:\Users\arody\OneDrive\Documentos\NetBeansProjects\ProyectoSemestrePrograI\src\main\java\com\mycompany\proyectosemestreprograi\Conection.java
C:\Users\arody\OneDrive\Documentos\NetBeansProjects\ProyectoSemestrePrograI\src\main\java\module-info.java
C:\Users\arody\OneDrive\Documentos\NetBeansProjects\ProyectoSemestrePrograI\src\main\java\com\mycompany\proyectosemestreprograi\FXAdminUsuariosController.java
C:\Users\arody\OneDrive\Documentos\NetBeansProjects\ProyectoSemestrePrograI\src\main\java\com\mycompany\proyectosemestreprograi\ConexionBD.java
C:\Users\arody\OneDrive\Documentos\NetBeansProjects\ProyectoSemestrePrograI\src\main\java\com\mycompany\proyectosemestreprograi\UsuarioDB.java
C:\Users\arody\OneDrive\Documentos\NetBeansProjects\ProyectoSemestrePrograI\src\main\java\com\mycompany\proyectosemestreprograi\FXLoginController.java
C:\Users\arody\OneDrive\Documentos\NetBeansProjects\ProyectoSemestrePrograI\src\main\java\com\mycompany\proyectosemestreprograi\Usuario.java
C:\Users\arody\OneDrive\Documentos\NetBeansProjects\ProyectoSemestrePrograI\src\main\java\com\mycompany\proyectosemestreprograi\FXAdminController.java
C:\Users\arody\OneDrive\Documentos\NetBeansProjects\ProyectoSemestrePrograI\src\main\java\com\mycompany\proyectosemestreprograi\FXAdminLibrosController.java
C:\Users\arody\OneDrive\Documentos\NetBeansProjects\ProyectoSemestrePrograI\src\main\java\com\mycompany\proyectosemestreprograi\Libro.java
C:\Users\arody\OneDrive\Documentos\NetBeansProjects\ProyectoSemestrePrograI\src\main\java\com\mycompany\proyectosemestreprograi\App.java
